Archive member included to satisfy reference by file (symbol)

c:/st/stm32cubeide_1.10.1/stm32cubeide/plugins/com.st.stm32cube.ide.mcu.externaltools.gnu-tools-for-stm32.10.3-2021.10.win32_1.0.0.202111181127/tools/bin/../lib/gcc/arm-none-eabi/10.3.1/../../../../arm-none-eabi/lib/thumb/v7-m/nofp\libc_nano.a(lib_a-exit.o)
                              c:/st/stm32cubeide_1.10.1/stm32cubeide/plugins/com.st.stm32cube.ide.mcu.externaltools.gnu-tools-for-stm32.10.3-2021.10.win32_1.0.0.202111181127/tools/bin/../lib/gcc/arm-none-eabi/10.3.1/../../../../arm-none-eabi/lib/thumb/v7-m/nofp/crt0.o (exit)
c:/st/stm32cubeide_1.10.1/stm32cubeide/plugins/com.st.stm32cube.ide.mcu.externaltools.gnu-tools-for-stm32.10.3-2021.10.win32_1.0.0.202111181127/tools/bin/../lib/gcc/arm-none-eabi/10.3.1/../../../../arm-none-eabi/lib/thumb/v7-m/nofp\libc_nano.a(lib_a-impure.o)
                              c:/st/stm32cubeide_1.10.1/stm32cubeide/plugins/com.st.stm32cube.ide.mcu.externaltools.gnu-tools-for-stm32.10.3-2021.10.win32_1.0.0.202111181127/tools/bin/../lib/gcc/arm-none-eabi/10.3.1/../../../../arm-none-eabi/lib/thumb/v7-m/nofp\libc_nano.a(lib_a-exit.o) (_global_impure_ptr)
c:/st/stm32cubeide_1.10.1/stm32cubeide/plugins/com.st.stm32cube.ide.mcu.externaltools.gnu-tools-for-stm32.10.3-2021.10.win32_1.0.0.202111181127/tools/bin/../lib/gcc/arm-none-eabi/10.3.1/../../../../arm-none-eabi/lib/thumb/v7-m/nofp\libc_nano.a(lib_a-init.o)
                              c:/st/stm32cubeide_1.10.1/stm32cubeide/plugins/com.st.stm32cube.ide.mcu.externaltools.gnu-tools-for-stm32.10.3-2021.10.win32_1.0.0.202111181127/tools/bin/../lib/gcc/arm-none-eabi/10.3.1/../../../../arm-none-eabi/lib/thumb/v7-m/nofp/crt0.o (__libc_init_array)
c:/st/stm32cubeide_1.10.1/stm32cubeide/plugins/com.st.stm32cube.ide.mcu.externaltools.gnu-tools-for-stm32.10.3-2021.10.win32_1.0.0.202111181127/tools/bin/../lib/gcc/arm-none-eabi/10.3.1/../../../../arm-none-eabi/lib/thumb/v7-m/nofp\libc_nano.a(lib_a-memset.o)
                              c:/st/stm32cubeide_1.10.1/stm32cubeide/plugins/com.st.stm32cube.ide.mcu.externaltools.gnu-tools-for-stm32.10.3-2021.10.win32_1.0.0.202111181127/tools/bin/../lib/gcc/arm-none-eabi/10.3.1/../../../../arm-none-eabi/lib/thumb/v7-m/nofp/crt0.o (memset)
c:/st/stm32cubeide_1.10.1/stm32cubeide/plugins/com.st.stm32cube.ide.mcu.externaltools.gnu-tools-for-stm32.10.3-2021.10.win32_1.0.0.202111181127/tools/bin/../lib/gcc/arm-none-eabi/10.3.1/../../../../arm-none-eabi/lib/thumb/v7-m/nofp\libnosys.a(_exit.o)
                              c:/st/stm32cubeide_1.10.1/stm32cubeide/plugins/com.st.stm32cube.ide.mcu.externaltools.gnu-tools-for-stm32.10.3-2021.10.win32_1.0.0.202111181127/tools/bin/../lib/gcc/arm-none-eabi/10.3.1/../../../../arm-none-eabi/lib/thumb/v7-m/nofp\libc_nano.a(lib_a-exit.o) (_exit)

Discarded input sections

 .text          0x0000000000000000        0x0 c:/st/stm32cubeide_1.10.1/stm32cubeide/plugins/com.st.stm32cube.ide.mcu.externaltools.gnu-tools-for-stm32.10.3-2021.10.win32_1.0.0.202111181127/tools/bin/../lib/gcc/arm-none-eabi/10.3.1/thumb/v7-m/nofp/crti.o
 .data          0x0000000000000000        0x0 c:/st/stm32cubeide_1.10.1/stm32cubeide/plugins/com.st.stm32cube.ide.mcu.externaltools.gnu-tools-for-stm32.10.3-2021.10.win32_1.0.0.202111181127/tools/bin/../lib/gcc/arm-none-eabi/10.3.1/thumb/v7-m/nofp/crti.o
 .bss           0x0000000000000000        0x0 c:/st/stm32cubeide_1.10.1/stm32cubeide/plugins/com.st.stm32cube.ide.mcu.externaltools.gnu-tools-for-stm32.10.3-2021.10.win32_1.0.0.202111181127/tools/bin/../lib/gcc/arm-none-eabi/10.3.1/thumb/v7-m/nofp/crti.o
 .data          0x0000000000000000        0x4 c:/st/stm32cubeide_1.10.1/stm32cubeide/plugins/com.st.stm32cube.ide.mcu.externaltools.gnu-tools-for-stm32.10.3-2021.10.win32_1.0.0.202111181127/tools/bin/../lib/gcc/arm-none-eabi/10.3.1/thumb/v7-m/nofp/crtbegin.o
 .rodata        0x0000000000000000       0x24 c:/st/stm32cubeide_1.10.1/stm32cubeide/plugins/com.st.stm32cube.ide.mcu.externaltools.gnu-tools-for-stm32.10.3-2021.10.win32_1.0.0.202111181127/tools/bin/../lib/gcc/arm-none-eabi/10.3.1/thumb/v7-m/nofp/crtbegin.o
 .text          0x0000000000000000       0x7c c:/st/stm32cubeide_1.10.1/stm32cubeide/plugins/com.st.stm32cube.ide.mcu.externaltools.gnu-tools-for-stm32.10.3-2021.10.win32_1.0.0.202111181127/tools/bin/../lib/gcc/arm-none-eabi/10.3.1/../../../../arm-none-eabi/lib/thumb/v7-m/nofp/crt0.o
 .data          0x0000000000000000        0x0 c:/st/stm32cubeide_1.10.1/stm32cubeide/plugins/com.st.stm32cube.ide.mcu.externaltools.gnu-tools-for-stm32.10.3-2021.10.win32_1.0.0.202111181127/tools/bin/../lib/gcc/arm-none-eabi/10.3.1/../../../../arm-none-eabi/lib/thumb/v7-m/nofp/crt0.o
 .bss           0x0000000000000000        0x0 c:/st/stm32cubeide_1.10.1/stm32cubeide/plugins/com.st.stm32cube.ide.mcu.externaltools.gnu-tools-for-stm32.10.3-2021.10.win32_1.0.0.202111181127/tools/bin/../lib/gcc/arm-none-eabi/10.3.1/../../../../arm-none-eabi/lib/thumb/v7-m/nofp/crt0.o
 .ARM.extab     0x0000000000000000        0x0 c:/st/stm32cubeide_1.10.1/stm32cubeide/plugins/com.st.stm32cube.ide.mcu.externaltools.gnu-tools-for-stm32.10.3-2021.10.win32_1.0.0.202111181127/tools/bin/../lib/gcc/arm-none-eabi/10.3.1/../../../../arm-none-eabi/lib/thumb/v7-m/nofp/crt0.o
 .ARM.exidx     0x0000000000000000       0x10 c:/st/stm32cubeide_1.10.1/stm32cubeide/plugins/com.st.stm32cube.ide.mcu.externaltools.gnu-tools-for-stm32.10.3-2021.10.win32_1.0.0.202111181127/tools/bin/../lib/gcc/arm-none-eabi/10.3.1/../../../../arm-none-eabi/lib/thumb/v7-m/nofp/crt0.o
 .ARM.attributes
                0x0000000000000000       0x1b c:/st/stm32cubeide_1.10.1/stm32cubeide/plugins/com.st.stm32cube.ide.mcu.externaltools.gnu-tools-for-stm32.10.3-2021.10.win32_1.0.0.202111181127/tools/bin/../lib/gcc/arm-none-eabi/10.3.1/../../../../arm-none-eabi/lib/thumb/v7-m/nofp/crt0.o
 .group         0x0000000000000000        0xc ./LibraryConfigure/EXTIConfigure/EXTI.o
 .group         0x0000000000000000        0xc ./LibraryConfigure/EXTIConfigure/EXTI.o
 .group         0x0000000000000000        0xc ./LibraryConfigure/EXTIConfigure/EXTI.o
 .group         0x0000000000000000        0xc ./LibraryConfigure/EXTIConfigure/EXTI.o
 .group         0x0000000000000000        0xc ./LibraryConfigure/EXTIConfigure/EXTI.o
 .group         0x0000000000000000        0xc ./LibraryConfigure/EXTIConfigure/EXTI.o
 .group         0x0000000000000000        0xc ./LibraryConfigure/EXTIConfigure/EXTI.o
 .group         0x0000000000000000        0xc ./LibraryConfigure/EXTIConfigure/EXTI.o
 .group         0x0000000000000000        0xc ./LibraryConfigure/EXTIConfigure/EXTI.o
 .group         0x0000000000000000        0xc ./LibraryConfigure/EXTIConfigure/EXTI.o
 .group         0x0000000000000000        0xc ./LibraryConfigure/EXTIConfigure/EXTI.o
 .group         0x0000000000000000        0xc ./LibraryConfigure/EXTIConfigure/EXTI.o
 .group         0x0000000000000000        0xc ./LibraryConfigure/EXTIConfigure/EXTI.o
 .group         0x0000000000000000        0xc ./LibraryConfigure/EXTIConfigure/EXTI.o
 .group         0x0000000000000000        0xc ./LibraryConfigure/EXTIConfigure/EXTI.o
 .group         0x0000000000000000        0xc ./LibraryConfigure/EXTIConfigure/EXTI.o
 .group         0x0000000000000000        0xc ./LibraryConfigure/EXTIConfigure/EXTI.o
 .group         0x0000000000000000        0xc ./LibraryConfigure/EXTIConfigure/EXTI.o
 .group         0x0000000000000000        0xc ./LibraryConfigure/EXTIConfigure/EXTI.o
 .group         0x0000000000000000        0xc ./LibraryConfigure/EXTIConfigure/EXTI.o
 .group         0x0000000000000000        0xc ./LibraryConfigure/EXTIConfigure/EXTI.o
 .group         0x0000000000000000        0xc ./LibraryConfigure/EXTIConfigure/EXTI.o
 .group         0x0000000000000000        0xc ./LibraryConfigure/EXTIConfigure/EXTI.o
 .group         0x0000000000000000        0xc ./LibraryConfigure/EXTIConfigure/EXTI.o
 .group         0x0000000000000000        0xc ./LibraryConfigure/EXTIConfigure/EXTI.o
 .group         0x0000000000000000        0xc ./LibraryConfigure/EXTIConfigure/EXTI.o
 .group         0x0000000000000000        0xc ./LibraryConfigure/EXTIConfigure/EXTI.o
 .group         0x0000000000000000        0xc ./LibraryConfigure/EXTIConfigure/EXTI.o
 .group         0x0000000000000000        0xc ./LibraryConfigure/EXTIConfigure/EXTI.o
 .group         0x0000000000000000        0xc ./LibraryConfigure/EXTIConfigure/EXTI.o
 .group         0x0000000000000000        0xc ./LibraryConfigure/EXTIConfigure/EXTI.o
 .group         0x0000000000000000        0xc ./LibraryConfigure/EXTIConfigure/EXTI.o
 .group         0x0000000000000000        0xc ./LibraryConfigure/EXTIConfigure/EXTI.o
 .group         0x0000000000000000        0xc ./LibraryConfigure/EXTIConfigure/EXTI.o
 .group         0x0000000000000000        0xc ./LibraryConfigure/EXTIConfigure/EXTI.o
 .group         0x0000000000000000        0xc ./LibraryConfigure/EXTIConfigure/EXTI.o
 .group         0x0000000000000000        0xc ./LibraryConfigure/EXTIConfigure/EXTI.o
 .group         0x0000000000000000        0xc ./LibraryConfigure/EXTIConfigure/EXTI.o
 .group         0x0000000000000000        0xc ./LibraryConfigure/EXTIConfigure/EXTI.o
 .group         0x0000000000000000        0xc ./LibraryConfigure/EXTIConfigure/EXTI.o
 .group         0x0000000000000000        0xc ./LibraryConfigure/EXTIConfigure/EXTI.o
 .group         0x0000000000000000        0xc ./LibraryConfigure/EXTIConfigure/EXTI.o
 .group         0x0000000000000000        0xc ./LibraryConfigure/EXTIConfigure/EXTI.o
 .text          0x0000000000000000        0x0 ./LibraryConfigure/EXTIConfigure/EXTI.o
 .data          0x0000000000000000        0x0 ./LibraryConfigure/EXTIConfigure/EXTI.o
 .bss           0x0000000000000000        0x0 ./LibraryConfigure/EXTIConfigure/EXTI.o
 .group         0x0000000000000000        0xc ./LibraryConfigure/GPIOConfigure/GPIOConfigure.o
 .group         0x0000000000000000        0xc ./LibraryConfigure/GPIOConfigure/GPIOConfigure.o
 .group         0x0000000000000000        0xc ./LibraryConfigure/GPIOConfigure/GPIOConfigure.o
 .group         0x0000000000000000        0xc ./LibraryConfigure/GPIOConfigure/GPIOConfigure.o
 .group         0x0000000000000000        0xc ./LibraryConfigure/GPIOConfigure/GPIOConfigure.o
 .group         0x0000000000000000        0xc ./LibraryConfigure/GPIOConfigure/GPIOConfigure.o
 .group         0x0000000000000000        0xc ./LibraryConfigure/GPIOConfigure/GPIOConfigure.o
 .group         0x0000000000000000        0xc ./LibraryConfigure/GPIOConfigure/GPIOConfigure.o
 .group         0x0000000000000000        0xc ./LibraryConfigure/GPIOConfigure/GPIOConfigure.o
 .group         0x0000000000000000        0xc ./LibraryConfigure/GPIOConfigure/GPIOConfigure.o
 .group         0x0000000000000000        0xc ./LibraryConfigure/GPIOConfigure/GPIOConfigure.o
 .group         0x0000000000000000        0xc ./LibraryConfigure/GPIOConfigure/GPIOConfigure.o
 .group         0x0000000000000000        0xc ./LibraryConfigure/GPIOConfigure/GPIOConfigure.o
 .group         0x0000000000000000        0xc ./LibraryConfigure/GPIOConfigure/GPIOConfigure.o
 .group         0x0000000000000000        0xc ./LibraryConfigure/GPIOConfigure/GPIOConfigure.o
 .text          0x0000000000000000        0x0 ./LibraryConfigure/GPIOConfigure/GPIOConfigure.o
 .data          0x0000000000000000        0x0 ./LibraryConfigure/GPIOConfigure/GPIOConfigure.o
 .bss           0x0000000000000000        0x0 ./LibraryConfigure/GPIOConfigure/GPIOConfigure.o
 .debug_macro   0x0000000000000000      0xa78 ./LibraryConfigure/GPIOConfigure/GPIOConfigure.o
 .debug_macro   0x0000000000000000       0x28 ./LibraryConfigure/GPIOConfigure/GPIOConfigure.o
 .debug_macro   0x0000000000000000       0x22 ./LibraryConfigure/GPIOConfigure/GPIOConfigure.o
 .debug_macro   0x0000000000000000       0x22 ./LibraryConfigure/GPIOConfigure/GPIOConfigure.o
 .debug_macro   0x0000000000000000      0x103 ./LibraryConfigure/GPIOConfigure/GPIOConfigure.o
 .debug_macro   0x0000000000000000       0x6a ./LibraryConfigure/GPIOConfigure/GPIOConfigure.o
 .debug_macro   0x0000000000000000      0x1df ./LibraryConfigure/GPIOConfigure/GPIOConfigure.o
 .debug_macro   0x0000000000000000       0x1c ./LibraryConfigure/GPIOConfigure/GPIOConfigure.o
 .debug_macro   0x0000000000000000       0x22 ./LibraryConfigure/GPIOConfigure/GPIOConfigure.o
 .debug_macro   0x0000000000000000       0xbd ./LibraryConfigure/GPIOConfigure/GPIOConfigure.o
 .debug_macro   0x0000000000000000      0xd23 ./LibraryConfigure/GPIOConfigure/GPIOConfigure.o
 .debug_macro   0x0000000000000000     0xe09e ./LibraryConfigure/GPIOConfigure/GPIOConfigure.o
 .debug_macro   0x0000000000000000       0x6d ./LibraryConfigure/GPIOConfigure/GPIOConfigure.o
 .group         0x0000000000000000        0xc ./LibraryConfigure/SystemConfigure/SYS.o
 .group         0x0000000000000000        0xc ./LibraryConfigure/SystemConfigure/SYS.o
 .group         0x0000000000000000        0xc ./LibraryConfigure/SystemConfigure/SYS.o
 .group         0x0000000000000000        0xc ./LibraryConfigure/SystemConfigure/SYS.o
 .group         0x0000000000000000        0xc ./LibraryConfigure/SystemConfigure/SYS.o
 .group         0x0000000000000000        0xc ./LibraryConfigure/SystemConfigure/SYS.o
 .group         0x0000000000000000        0xc ./LibraryConfigure/SystemConfigure/SYS.o
 .group         0x0000000000000000        0xc ./LibraryConfigure/SystemConfigure/SYS.o
 .group         0x0000000000000000        0xc ./LibraryConfigure/SystemConfigure/SYS.o
 .group         0x0000000000000000        0xc ./LibraryConfigure/SystemConfigure/SYS.o
 .group         0x0000000000000000        0xc ./LibraryConfigure/SystemConfigure/SYS.o
 .group         0x0000000000000000        0xc ./LibraryConfigure/SystemConfigure/SYS.o
 .group         0x0000000000000000        0xc ./LibraryConfigure/SystemConfigure/SYS.o
 .group         0x0000000000000000        0xc ./LibraryConfigure/SystemConfigure/SYS.o
 .group         0x0000000000000000        0xc ./LibraryConfigure/SystemConfigure/SYS.o
 .group         0x0000000000000000        0xc ./LibraryConfigure/SystemConfigure/SYS.o
 .group         0x0000000000000000        0xc ./LibraryConfigure/SystemConfigure/SYS.o
 .group         0x0000000000000000        0xc ./LibraryConfigure/SystemConfigure/SYS.o
 .group         0x0000000000000000        0xc ./LibraryConfigure/SystemConfigure/SYS.o
 .group         0x0000000000000000        0xc ./LibraryConfigure/SystemConfigure/SYS.o
 .group         0x0000000000000000        0xc ./LibraryConfigure/SystemConfigure/SYS.o
 .group         0x0000000000000000        0xc ./LibraryConfigure/SystemConfigure/SYS.o
 .group         0x0000000000000000        0xc ./LibraryConfigure/SystemConfigure/SYS.o
 .group         0x0000000000000000        0xc ./LibraryConfigure/SystemConfigure/SYS.o
 .group         0x0000000000000000        0xc ./LibraryConfigure/SystemConfigure/SYS.o
 .group         0x0000000000000000        0xc ./LibraryConfigure/SystemConfigure/SYS.o
 .group         0x0000000000000000        0xc ./LibraryConfigure/SystemConfigure/SYS.o
 .group         0x0000000000000000        0xc ./LibraryConfigure/SystemConfigure/SYS.o
 .group         0x0000000000000000        0xc ./LibraryConfigure/SystemConfigure/SYS.o
 .group         0x0000000000000000        0xc ./LibraryConfigure/SystemConfigure/SYS.o
 .group         0x0000000000000000        0xc ./LibraryConfigure/SystemConfigure/SYS.o
 .group         0x0000000000000000        0xc ./LibraryConfigure/SystemConfigure/SYS.o
 .group         0x0000000000000000        0xc ./LibraryConfigure/SystemConfigure/SYS.o
 .group         0x0000000000000000        0xc ./LibraryConfigure/SystemConfigure/SYS.o
 .group         0x0000000000000000        0xc ./LibraryConfigure/SystemConfigure/SYS.o
 .group         0x0000000000000000        0xc ./LibraryConfigure/SystemConfigure/SYS.o
 .group         0x0000000000000000        0xc ./LibraryConfigure/SystemConfigure/SYS.o
 .group         0x0000000000000000        0xc ./LibraryConfigure/SystemConfigure/SYS.o
 .group         0x0000000000000000        0xc ./LibraryConfigure/SystemConfigure/SYS.o
 .group         0x0000000000000000        0xc ./LibraryConfigure/SystemConfigure/SYS.o
 .group         0x0000000000000000        0xc ./LibraryConfigure/SystemConfigure/SYS.o
 .group         0x0000000000000000        0xc ./LibraryConfigure/SystemConfigure/SYS.o
 .group         0x0000000000000000        0xc ./LibraryConfigure/SystemConfigure/SYS.o
 .text          0x0000000000000000        0x0 ./LibraryConfigure/SystemConfigure/SYS.o
 .data          0x0000000000000000        0x0 ./LibraryConfigure/SystemConfigure/SYS.o
 .bss           0x0000000000000000        0x0 ./LibraryConfigure/SystemConfigure/SYS.o
 .text.getTick  0x0000000000000000       0x14 ./LibraryConfigure/SystemConfigure/SYS.o
 .text.Delay_Tick_ms
                0x0000000000000000       0x2a ./LibraryConfigure/SystemConfigure/SYS.o
 .debug_macro   0x0000000000000000      0xa78 ./LibraryConfigure/SystemConfigure/SYS.o
 .debug_macro   0x0000000000000000       0x22 ./LibraryConfigure/SystemConfigure/SYS.o
 .debug_macro   0x0000000000000000       0x4c ./LibraryConfigure/SystemConfigure/SYS.o
 .debug_macro   0x0000000000000000       0x18 ./LibraryConfigure/SystemConfigure/SYS.o
 .debug_macro   0x0000000000000000       0x94 ./LibraryConfigure/SystemConfigure/SYS.o
 .debug_macro   0x0000000000000000       0x3c ./LibraryConfigure/SystemConfigure/SYS.o
 .debug_macro   0x0000000000000000       0x34 ./LibraryConfigure/SystemConfigure/SYS.o
 .debug_macro   0x0000000000000000       0x16 ./LibraryConfigure/SystemConfigure/SYS.o
 .debug_macro   0x0000000000000000       0x57 ./LibraryConfigure/SystemConfigure/SYS.o
 .debug_macro   0x0000000000000000       0x97 ./LibraryConfigure/SystemConfigure/SYS.o
 .debug_macro   0x0000000000000000      0x341 ./LibraryConfigure/SystemConfigure/SYS.o
 .debug_macro   0x0000000000000000       0xfd ./LibraryConfigure/SystemConfigure/SYS.o
 .debug_macro   0x0000000000000000       0x10 ./LibraryConfigure/SystemConfigure/SYS.o
 .debug_macro   0x0000000000000000       0x16 ./LibraryConfigure/SystemConfigure/SYS.o
 .debug_macro   0x0000000000000000       0x43 ./LibraryConfigure/SystemConfigure/SYS.o
 .debug_macro   0x0000000000000000       0x34 ./LibraryConfigure/SystemConfigure/SYS.o
 .debug_macro   0x0000000000000000       0x10 ./LibraryConfigure/SystemConfigure/SYS.o
 .debug_macro   0x0000000000000000       0x58 ./LibraryConfigure/SystemConfigure/SYS.o
 .debug_macro   0x0000000000000000       0x71 ./LibraryConfigure/SystemConfigure/SYS.o
 .debug_macro   0x0000000000000000       0x1c ./LibraryConfigure/SystemConfigure/SYS.o
 .debug_macro   0x0000000000000000      0x12a ./LibraryConfigure/SystemConfigure/SYS.o
 .debug_macro   0x0000000000000000       0x10 ./LibraryConfigure/SystemConfigure/SYS.o
 .debug_macro   0x0000000000000000       0x6a ./LibraryConfigure/SystemConfigure/SYS.o
 .debug_macro   0x0000000000000000       0x1c ./LibraryConfigure/SystemConfigure/SYS.o
 .debug_macro   0x0000000000000000       0x52 ./LibraryConfigure/SystemConfigure/SYS.o
 .debug_macro   0x0000000000000000       0x22 ./LibraryConfigure/SystemConfigure/SYS.o
 .debug_macro   0x0000000000000000       0x10 ./LibraryConfigure/SystemConfigure/SYS.o
 .debug_macro   0x0000000000000000       0x52 ./LibraryConfigure/SystemConfigure/SYS.o
 .debug_macro   0x0000000000000000       0xd5 ./LibraryConfigure/SystemConfigure/SYS.o
 .debug_macro   0x0000000000000000       0x1c ./LibraryConfigure/SystemConfigure/SYS.o
 .debug_macro   0x0000000000000000       0x3d ./LibraryConfigure/SystemConfigure/SYS.o
 .debug_macro   0x0000000000000000       0x16 ./LibraryConfigure/SystemConfigure/SYS.o
 .debug_macro   0x0000000000000000      0x145 ./LibraryConfigure/SystemConfigure/SYS.o
 .debug_macro   0x0000000000000000       0x28 ./LibraryConfigure/SystemConfigure/SYS.o
 .debug_macro   0x0000000000000000       0x22 ./LibraryConfigure/SystemConfigure/SYS.o
 .debug_macro   0x0000000000000000      0x103 ./LibraryConfigure/SystemConfigure/SYS.o
 .debug_macro   0x0000000000000000      0x1df ./LibraryConfigure/SystemConfigure/SYS.o
 .debug_macro   0x0000000000000000       0x1c ./LibraryConfigure/SystemConfigure/SYS.o
 .debug_macro   0x0000000000000000       0x22 ./LibraryConfigure/SystemConfigure/SYS.o
 .debug_macro   0x0000000000000000       0xbd ./LibraryConfigure/SystemConfigure/SYS.o
 .debug_macro   0x0000000000000000      0xd23 ./LibraryConfigure/SystemConfigure/SYS.o
 .debug_macro   0x0000000000000000     0xe09e ./LibraryConfigure/SystemConfigure/SYS.o
 .debug_macro   0x0000000000000000       0x6d ./LibraryConfigure/SystemConfigure/SYS.o
 .group         0x0000000000000000        0xc ./Src/main.o
 .group         0x0000000000000000        0xc ./Src/main.o
 .group         0x0000000000000000        0xc ./Src/main.o
 .group         0x0000000000000000        0xc ./Src/main.o
 .group         0x0000000000000000        0xc ./Src/main.o
 .group         0x0000000000000000        0xc ./Src/main.o
 .group         0x0000000000000000        0xc ./Src/main.o
 .group         0x0000000000000000        0xc ./Src/main.o
 .group         0x0000000000000000        0xc ./Src/main.o
 .group         0x0000000000000000        0xc ./Src/main.o
 .group         0x0000000000000000        0xc ./Src/main.o
 .group         0x0000000000000000        0xc ./Src/main.o
 .group         0x0000000000000000        0xc ./Src/main.o
 .group         0x0000000000000000        0xc ./Src/main.o
 .group         0x0000000000000000        0xc ./Src/main.o
 .group         0x0000000000000000        0xc ./Src/main.o
 .group         0x0000000000000000        0xc ./Src/main.o
 .group         0x0000000000000000        0xc ./Src/main.o
 .group         0x0000000000000000        0xc ./Src/main.o
 .group         0x0000000000000000        0xc ./Src/main.o
 .group         0x0000000000000000        0xc ./Src/main.o
 .group         0x0000000000000000        0xc ./Src/main.o
 .group         0x0000000000000000        0xc ./Src/main.o
 .group         0x0000000000000000        0xc ./Src/main.o
 .group         0x0000000000000000        0xc ./Src/main.o
 .group         0x0000000000000000        0xc ./Src/main.o
 .group         0x0000000000000000        0xc ./Src/main.o
 .group         0x0000000000000000        0xc ./Src/main.o
 .group         0x0000000000000000        0xc ./Src/main.o
 .group         0x0000000000000000        0xc ./Src/main.o
 .group         0x0000000000000000        0xc ./Src/main.o
 .group         0x0000000000000000        0xc ./Src/main.o
 .group         0x0000000000000000        0xc ./Src/main.o
 .group         0x0000000000000000        0xc ./Src/main.o
 .group         0x0000000000000000        0xc ./Src/main.o
 .group         0x0000000000000000        0xc ./Src/main.o
 .group         0x0000000000000000        0xc ./Src/main.o
 .group         0x0000000000000000        0xc ./Src/main.o
 .group         0x0000000000000000        0xc ./Src/main.o
 .group         0x0000000000000000        0xc ./Src/main.o
 .group         0x0000000000000000        0xc ./Src/main.o
 .group         0x0000000000000000        0xc ./Src/main.o
 .group         0x0000000000000000        0xc ./Src/main.o
 .text          0x0000000000000000        0x0 ./Src/main.o
 .data          0x0000000000000000        0x0 ./Src/main.o
 .bss           0x0000000000000000        0x0 ./Src/main.o
 .debug_macro   0x0000000000000000      0xa78 ./Src/main.o
 .debug_macro   0x0000000000000000       0x22 ./Src/main.o
 .debug_macro   0x0000000000000000       0x8e ./Src/main.o
 .debug_macro   0x0000000000000000       0x51 ./Src/main.o
 .debug_macro   0x0000000000000000      0x103 ./Src/main.o
 .debug_macro   0x0000000000000000       0x6a ./Src/main.o
 .debug_macro   0x0000000000000000      0x1df ./Src/main.o
 .debug_macro   0x0000000000000000       0x28 ./Src/main.o
 .debug_macro   0x0000000000000000       0x22 ./Src/main.o
 .debug_macro   0x0000000000000000       0x1c ./Src/main.o
 .debug_macro   0x0000000000000000       0x22 ./Src/main.o
 .debug_macro   0x0000000000000000       0xbd ./Src/main.o
 .debug_macro   0x0000000000000000      0xd23 ./Src/main.o
 .debug_macro   0x0000000000000000     0xe09e ./Src/main.o
 .debug_macro   0x0000000000000000       0x6d ./Src/main.o
 .debug_macro   0x0000000000000000       0x18 ./Src/main.o
 .debug_macro   0x0000000000000000       0x3c ./Src/main.o
 .debug_macro   0x0000000000000000       0x34 ./Src/main.o
 .debug_macro   0x0000000000000000       0x16 ./Src/main.o
 .debug_macro   0x0000000000000000       0x97 ./Src/main.o
 .debug_macro   0x0000000000000000      0x341 ./Src/main.o
 .debug_macro   0x0000000000000000       0xfd ./Src/main.o
 .debug_macro   0x0000000000000000       0x10 ./Src/main.o
 .debug_macro   0x0000000000000000       0x16 ./Src/main.o
 .debug_macro   0x0000000000000000       0x43 ./Src/main.o
 .debug_macro   0x0000000000000000       0x34 ./Src/main.o
 .debug_macro   0x0000000000000000       0x10 ./Src/main.o
 .debug_macro   0x0000000000000000       0x58 ./Src/main.o
 .debug_macro   0x0000000000000000       0x71 ./Src/main.o
 .debug_macro   0x0000000000000000       0x1c ./Src/main.o
 .debug_macro   0x0000000000000000      0x12a ./Src/main.o
 .debug_macro   0x0000000000000000       0x10 ./Src/main.o
 .debug_macro   0x0000000000000000       0x1c ./Src/main.o
 .debug_macro   0x0000000000000000       0x52 ./Src/main.o
 .debug_macro   0x0000000000000000       0x22 ./Src/main.o
 .debug_macro   0x0000000000000000       0x10 ./Src/main.o
 .debug_macro   0x0000000000000000       0x52 ./Src/main.o
 .debug_macro   0x0000000000000000       0xd5 ./Src/main.o
 .debug_macro   0x0000000000000000       0x1c ./Src/main.o
 .debug_macro   0x0000000000000000       0x3d ./Src/main.o
 .debug_macro   0x0000000000000000       0x16 ./Src/main.o
 .debug_macro   0x0000000000000000      0x145 ./Src/main.o
 .group         0x0000000000000000        0xc ./Src/system_stm32f1xx.o
 .group         0x0000000000000000        0xc ./Src/system_stm32f1xx.o
 .group         0x0000000000000000        0xc ./Src/system_stm32f1xx.o
 .group         0x0000000000000000        0xc ./Src/system_stm32f1xx.o
 .group         0x0000000000000000        0xc ./Src/system_stm32f1xx.o
 .group         0x0000000000000000        0xc ./Src/system_stm32f1xx.o
 .group         0x0000000000000000        0xc ./Src/system_stm32f1xx.o
 .group         0x0000000000000000        0xc ./Src/system_stm32f1xx.o
 .group         0x0000000000000000        0xc ./Src/system_stm32f1xx.o
 .group         0x0000000000000000        0xc ./Src/system_stm32f1xx.o
 .group         0x0000000000000000        0xc ./Src/system_stm32f1xx.o
 .group         0x0000000000000000        0xc ./Src/system_stm32f1xx.o
 .group         0x0000000000000000        0xc ./Src/system_stm32f1xx.o
 .group         0x0000000000000000        0xc ./Src/system_stm32f1xx.o
 .group         0x0000000000000000        0xc ./Src/system_stm32f1xx.o
 .text          0x0000000000000000        0x0 ./Src/system_stm32f1xx.o
 .data          0x0000000000000000        0x0 ./Src/system_stm32f1xx.o
 .bss           0x0000000000000000        0x0 ./Src/system_stm32f1xx.o
 .rodata.APBPrescTable
                0x0000000000000000        0x8 ./Src/system_stm32f1xx.o
 .debug_macro   0x0000000000000000      0xa78 ./Src/system_stm32f1xx.o
 .debug_macro   0x0000000000000000       0x28 ./Src/system_stm32f1xx.o
 .debug_macro   0x0000000000000000       0x22 ./Src/system_stm32f1xx.o
 .debug_macro   0x0000000000000000       0x22 ./Src/system_stm32f1xx.o
 .debug_macro   0x0000000000000000       0x8e ./Src/system_stm32f1xx.o
 .debug_macro   0x0000000000000000       0x51 ./Src/system_stm32f1xx.o
 .debug_macro   0x0000000000000000      0x103 ./Src/system_stm32f1xx.o
 .debug_macro   0x0000000000000000       0x6a ./Src/system_stm32f1xx.o
 .debug_macro   0x0000000000000000      0x1df ./Src/system_stm32f1xx.o
 .debug_macro   0x0000000000000000       0x1c ./Src/system_stm32f1xx.o
 .debug_macro   0x0000000000000000       0x22 ./Src/system_stm32f1xx.o
 .debug_macro   0x0000000000000000       0xbd ./Src/system_stm32f1xx.o
 .debug_macro   0x0000000000000000      0xd23 ./Src/system_stm32f1xx.o
 .debug_macro   0x0000000000000000     0xe09e ./Src/system_stm32f1xx.o
 .debug_macro   0x0000000000000000       0x6d ./Src/system_stm32f1xx.o
 .text          0x0000000000000000       0x14 ./Startup/startup_stm32f103c8tx.o
 .data          0x0000000000000000        0x0 ./Startup/startup_stm32f103c8tx.o
 .bss           0x0000000000000000        0x0 ./Startup/startup_stm32f103c8tx.o
 .text          0x0000000000000000        0x0 c:/st/stm32cubeide_1.10.1/stm32cubeide/plugins/com.st.stm32cube.ide.mcu.externaltools.gnu-tools-for-stm32.10.3-2021.10.win32_1.0.0.202111181127/tools/bin/../lib/gcc/arm-none-eabi/10.3.1/../../../../arm-none-eabi/lib/thumb/v7-m/nofp\libc_nano.a(lib_a-exit.o)
 .data          0x0000000000000000        0x0 c:/st/stm32cubeide_1.10.1/stm32cubeide/plugins/com.st.stm32cube.ide.mcu.externaltools.gnu-tools-for-stm32.10.3-2021.10.win32_1.0.0.202111181127/tools/bin/../lib/gcc/arm-none-eabi/10.3.1/../../../../arm-none-eabi/lib/thumb/v7-m/nofp\libc_nano.a(lib_a-exit.o)
 .bss           0x0000000000000000        0x0 c:/st/stm32cubeide_1.10.1/stm32cubeide/plugins/com.st.stm32cube.ide.mcu.externaltools.gnu-tools-for-stm32.10.3-2021.10.win32_1.0.0.202111181127/tools/bin/../lib/gcc/arm-none-eabi/10.3.1/../../../../arm-none-eabi/lib/thumb/v7-m/nofp\libc_nano.a(lib_a-exit.o)
 .text.exit     0x0000000000000000       0x28 c:/st/stm32cubeide_1.10.1/stm32cubeide/plugins/com.st.stm32cube.ide.mcu.externaltools.gnu-tools-for-stm32.10.3-2021.10.win32_1.0.0.202111181127/tools/bin/../lib/gcc/arm-none-eabi/10.3.1/../../../../arm-none-eabi/lib/thumb/v7-m/nofp\libc_nano.a(lib_a-exit.o)
 .debug_frame   0x0000000000000000       0x28 c:/st/stm32cubeide_1.10.1/stm32cubeide/plugins/com.st.stm32cube.ide.mcu.externaltools.gnu-tools-for-stm32.10.3-2021.10.win32_1.0.0.202111181127/tools/bin/../lib/gcc/arm-none-eabi/10.3.1/../../../../arm-none-eabi/lib/thumb/v7-m/nofp\libc_nano.a(lib_a-exit.o)
 .ARM.attributes
                0x0000000000000000       0x2d c:/st/stm32cubeide_1.10.1/stm32cubeide/plugins/com.st.stm32cube.ide.mcu.externaltools.gnu-tools-for-stm32.10.3-2021.10.win32_1.0.0.202111181127/tools/bin/../lib/gcc/arm-none-eabi/10.3.1/../../../../arm-none-eabi/lib/thumb/v7-m/nofp\libc_nano.a(lib_a-exit.o)
 .text          0x0000000000000000        0x0 c:/st/stm32cubeide_1.10.1/stm32cubeide/plugins/com.st.stm32cube.ide.mcu.externaltools.gnu-tools-for-stm32.10.3-2021.10.win32_1.0.0.202111181127/tools/bin/../lib/gcc/arm-none-eabi/10.3.1/../../../../arm-none-eabi/lib/thumb/v7-m/nofp\libc_nano.a(lib_a-impure.o)
 .data          0x0000000000000000        0x0 c:/st/stm32cubeide_1.10.1/stm32cubeide/plugins/com.st.stm32cube.ide.mcu.externaltools.gnu-tools-for-stm32.10.3-2021.10.win32_1.0.0.202111181127/tools/bin/../lib/gcc/arm-none-eabi/10.3.1/../../../../arm-none-eabi/lib/thumb/v7-m/nofp\libc_nano.a(lib_a-impure.o)
 .bss           0x0000000000000000        0x0 c:/st/stm32cubeide_1.10.1/stm32cubeide/plugins/com.st.stm32cube.ide.mcu.externaltools.gnu-tools-for-stm32.10.3-2021.10.win32_1.0.0.202111181127/tools/bin/../lib/gcc/arm-none-eabi/10.3.1/../../../../arm-none-eabi/lib/thumb/v7-m/nofp\libc_nano.a(lib_a-impure.o)
 .data._impure_ptr
                0x0000000000000000        0x4 c:/st/stm32cubeide_1.10.1/stm32cubeide/plugins/com.st.stm32cube.ide.mcu.externaltools.gnu-tools-for-stm32.10.3-2021.10.win32_1.0.0.202111181127/tools/bin/../lib/gcc/arm-none-eabi/10.3.1/../../../../arm-none-eabi/lib/thumb/v7-m/nofp\libc_nano.a(lib_a-impure.o)
 .data.impure_data
                0x0000000000000000       0x60 c:/st/stm32cubeide_1.10.1/stm32cubeide/plugins/com.st.stm32cube.ide.mcu.externaltools.gnu-tools-for-stm32.10.3-2021.10.win32_1.0.0.202111181127/tools/bin/../lib/gcc/arm-none-eabi/10.3.1/../../../../arm-none-eabi/lib/thumb/v7-m/nofp\libc_nano.a(lib_a-impure.o)
 .rodata._global_impure_ptr
                0x0000000000000000        0x4 c:/st/stm32cubeide_1.10.1/stm32cubeide/plugins/com.st.stm32cube.ide.mcu.externaltools.gnu-tools-for-stm32.10.3-2021.10.win32_1.0.0.202111181127/tools/bin/../lib/gcc/arm-none-eabi/10.3.1/../../../../arm-none-eabi/lib/thumb/v7-m/nofp\libc_nano.a(lib_a-impure.o)
 .ARM.attributes
                0x0000000000000000       0x2d c:/st/stm32cubeide_1.10.1/stm32cubeide/plugins/com.st.stm32cube.ide.mcu.externaltools.gnu-tools-for-stm32.10.3-2021.10.win32_1.0.0.202111181127/tools/bin/../lib/gcc/arm-none-eabi/10.3.1/../../../../arm-none-eabi/lib/thumb/v7-m/nofp\libc_nano.a(lib_a-impure.o)
 .text          0x0000000000000000        0x0 c:/st/stm32cubeide_1.10.1/stm32cubeide/plugins/com.st.stm32cube.ide.mcu.externaltools.gnu-tools-for-stm32.10.3-2021.10.win32_1.0.0.202111181127/tools/bin/../lib/gcc/arm-none-eabi/10.3.1/../../../../arm-none-eabi/lib/thumb/v7-m/nofp\libc_nano.a(lib_a-init.o)
 .data          0x0000000000000000        0x0 c:/st/stm32cubeide_1.10.1/stm32cubeide/plugins/com.st.stm32cube.ide.mcu.externaltools.gnu-tools-for-stm32.10.3-2021.10.win32_1.0.0.202111181127/tools/bin/../lib/gcc/arm-none-eabi/10.3.1/../../../../arm-none-eabi/lib/thumb/v7-m/nofp\libc_nano.a(lib_a-init.o)
 .bss           0x0000000000000000        0x0 c:/st/stm32cubeide_1.10.1/stm32cubeide/plugins/com.st.stm32cube.ide.mcu.externaltools.gnu-tools-for-stm32.10.3-2021.10.win32_1.0.0.202111181127/tools/bin/../lib/gcc/arm-none-eabi/10.3.1/../../../../arm-none-eabi/lib/thumb/v7-m/nofp\libc_nano.a(lib_a-init.o)
 .text          0x0000000000000000        0x0 c:/st/stm32cubeide_1.10.1/stm32cubeide/plugins/com.st.stm32cube.ide.mcu.externaltools.gnu-tools-for-stm32.10.3-2021.10.win32_1.0.0.202111181127/tools/bin/../lib/gcc/arm-none-eabi/10.3.1/../../../../arm-none-eabi/lib/thumb/v7-m/nofp\libc_nano.a(lib_a-memset.o)
 .data          0x0000000000000000        0x0 c:/st/stm32cubeide_1.10.1/stm32cubeide/plugins/com.st.stm32cube.ide.mcu.externaltools.gnu-tools-for-stm32.10.3-2021.10.win32_1.0.0.202111181127/tools/bin/../lib/gcc/arm-none-eabi/10.3.1/../../../../arm-none-eabi/lib/thumb/v7-m/nofp\libc_nano.a(lib_a-memset.o)
 .bss           0x0000000000000000        0x0 c:/st/stm32cubeide_1.10.1/stm32cubeide/plugins/com.st.stm32cube.ide.mcu.externaltools.gnu-tools-for-stm32.10.3-2021.10.win32_1.0.0.202111181127/tools/bin/../lib/gcc/arm-none-eabi/10.3.1/../../../../arm-none-eabi/lib/thumb/v7-m/nofp\libc_nano.a(lib_a-memset.o)
 .text.memset   0x0000000000000000       0x10 c:/st/stm32cubeide_1.10.1/stm32cubeide/plugins/com.st.stm32cube.ide.mcu.externaltools.gnu-tools-for-stm32.10.3-2021.10.win32_1.0.0.202111181127/tools/bin/../lib/gcc/arm-none-eabi/10.3.1/../../../../arm-none-eabi/lib/thumb/v7-m/nofp\libc_nano.a(lib_a-memset.o)
 .debug_frame   0x0000000000000000       0x20 c:/st/stm32cubeide_1.10.1/stm32cubeide/plugins/com.st.stm32cube.ide.mcu.externaltools.gnu-tools-for-stm32.10.3-2021.10.win32_1.0.0.202111181127/tools/bin/../lib/gcc/arm-none-eabi/10.3.1/../../../../arm-none-eabi/lib/thumb/v7-m/nofp\libc_nano.a(lib_a-memset.o)
 .ARM.attributes
                0x0000000000000000       0x2d c:/st/stm32cubeide_1.10.1/stm32cubeide/plugins/com.st.stm32cube.ide.mcu.externaltools.gnu-tools-for-stm32.10.3-2021.10.win32_1.0.0.202111181127/tools/bin/../lib/gcc/arm-none-eabi/10.3.1/../../../../arm-none-eabi/lib/thumb/v7-m/nofp\libc_nano.a(lib_a-memset.o)
 .text          0x0000000000000000        0x0 c:/st/stm32cubeide_1.10.1/stm32cubeide/plugins/com.st.stm32cube.ide.mcu.externaltools.gnu-tools-for-stm32.10.3-2021.10.win32_1.0.0.202111181127/tools/bin/../lib/gcc/arm-none-eabi/10.3.1/../../../../arm-none-eabi/lib/thumb/v7-m/nofp\libnosys.a(_exit.o)
 .data          0x0000000000000000        0x0 c:/st/stm32cubeide_1.10.1/stm32cubeide/plugins/com.st.stm32cube.ide.mcu.externaltools.gnu-tools-for-stm32.10.3-2021.10.win32_1.0.0.202111181127/tools/bin/../lib/gcc/arm-none-eabi/10.3.1/../../../../arm-none-eabi/lib/thumb/v7-m/nofp\libnosys.a(_exit.o)
 .bss           0x0000000000000000        0x0 c:/st/stm32cubeide_1.10.1/stm32cubeide/plugins/com.st.stm32cube.ide.mcu.externaltools.gnu-tools-for-stm32.10.3-2021.10.win32_1.0.0.202111181127/tools/bin/../lib/gcc/arm-none-eabi/10.3.1/../../../../arm-none-eabi/lib/thumb/v7-m/nofp\libnosys.a(_exit.o)
 .text._exit    0x0000000000000000        0x2 c:/st/stm32cubeide_1.10.1/stm32cubeide/plugins/com.st.stm32cube.ide.mcu.externaltools.gnu-tools-for-stm32.10.3-2021.10.win32_1.0.0.202111181127/tools/bin/../lib/gcc/arm-none-eabi/10.3.1/../../../../arm-none-eabi/lib/thumb/v7-m/nofp\libnosys.a(_exit.o)
 .debug_frame   0x0000000000000000       0x20 c:/st/stm32cubeide_1.10.1/stm32cubeide/plugins/com.st.stm32cube.ide.mcu.externaltools.gnu-tools-for-stm32.10.3-2021.10.win32_1.0.0.202111181127/tools/bin/../lib/gcc/arm-none-eabi/10.3.1/../../../../arm-none-eabi/lib/thumb/v7-m/nofp\libnosys.a(_exit.o)
 .ARM.attributes
                0x0000000000000000       0x2d c:/st/stm32cubeide_1.10.1/stm32cubeide/plugins/com.st.stm32cube.ide.mcu.externaltools.gnu-tools-for-stm32.10.3-2021.10.win32_1.0.0.202111181127/tools/bin/../lib/gcc/arm-none-eabi/10.3.1/../../../../arm-none-eabi/lib/thumb/v7-m/nofp\libnosys.a(_exit.o)
 .text          0x0000000000000000        0x0 c:/st/stm32cubeide_1.10.1/stm32cubeide/plugins/com.st.stm32cube.ide.mcu.externaltools.gnu-tools-for-stm32.10.3-2021.10.win32_1.0.0.202111181127/tools/bin/../lib/gcc/arm-none-eabi/10.3.1/thumb/v7-m/nofp/crtend.o
 .data          0x0000000000000000        0x0 c:/st/stm32cubeide_1.10.1/stm32cubeide/plugins/com.st.stm32cube.ide.mcu.externaltools.gnu-tools-for-stm32.10.3-2021.10.win32_1.0.0.202111181127/tools/bin/../lib/gcc/arm-none-eabi/10.3.1/thumb/v7-m/nofp/crtend.o
 .bss           0x0000000000000000        0x0 c:/st/stm32cubeide_1.10.1/stm32cubeide/plugins/com.st.stm32cube.ide.mcu.externaltools.gnu-tools-for-stm32.10.3-2021.10.win32_1.0.0.202111181127/tools/bin/../lib/gcc/arm-none-eabi/10.3.1/thumb/v7-m/nofp/crtend.o
 .rodata        0x0000000000000000       0x24 c:/st/stm32cubeide_1.10.1/stm32cubeide/plugins/com.st.stm32cube.ide.mcu.externaltools.gnu-tools-for-stm32.10.3-2021.10.win32_1.0.0.202111181127/tools/bin/../lib/gcc/arm-none-eabi/10.3.1/thumb/v7-m/nofp/crtend.o
 .eh_frame      0x0000000000000000        0x4 c:/st/stm32cubeide_1.10.1/stm32cubeide/plugins/com.st.stm32cube.ide.mcu.externaltools.gnu-tools-for-stm32.10.3-2021.10.win32_1.0.0.202111181127/tools/bin/../lib/gcc/arm-none-eabi/10.3.1/thumb/v7-m/nofp/crtend.o
 .ARM.attributes
                0x0000000000000000       0x2d c:/st/stm32cubeide_1.10.1/stm32cubeide/plugins/com.st.stm32cube.ide.mcu.externaltools.gnu-tools-for-stm32.10.3-2021.10.win32_1.0.0.202111181127/tools/bin/../lib/gcc/arm-none-eabi/10.3.1/thumb/v7-m/nofp/crtend.o
 .text          0x0000000000000000        0x0 c:/st/stm32cubeide_1.10.1/stm32cubeide/plugins/com.st.stm32cube.ide.mcu.externaltools.gnu-tools-for-stm32.10.3-2021.10.win32_1.0.0.202111181127/tools/bin/../lib/gcc/arm-none-eabi/10.3.1/thumb/v7-m/nofp/crtn.o
 .data          0x0000000000000000        0x0 c:/st/stm32cubeide_1.10.1/stm32cubeide/plugins/com.st.stm32cube.ide.mcu.externaltools.gnu-tools-for-stm32.10.3-2021.10.win32_1.0.0.202111181127/tools/bin/../lib/gcc/arm-none-eabi/10.3.1/thumb/v7-m/nofp/crtn.o
 .bss           0x0000000000000000        0x0 c:/st/stm32cubeide_1.10.1/stm32cubeide/plugins/com.st.stm32cube.ide.mcu.externaltools.gnu-tools-for-stm32.10.3-2021.10.win32_1.0.0.202111181127/tools/bin/../lib/gcc/arm-none-eabi/10.3.1/thumb/v7-m/nofp/crtn.o

Memory Configuration

Name             Origin             Length             Attributes
RAM              0x0000000020000000 0x0000000000005000 xrw
FLASH            0x0000000008000000 0x0000000000010000 xr
*default*        0x0000000000000000 0xffffffffffffffff

Linker script and memory map

LOAD c:/st/stm32cubeide_1.10.1/stm32cubeide/plugins/com.st.stm32cube.ide.mcu.externaltools.gnu-tools-for-stm32.10.3-2021.10.win32_1.0.0.202111181127/tools/bin/../lib/gcc/arm-none-eabi/10.3.1/thumb/v7-m/nofp/crti.o
LOAD c:/st/stm32cubeide_1.10.1/stm32cubeide/plugins/com.st.stm32cube.ide.mcu.externaltools.gnu-tools-for-stm32.10.3-2021.10.win32_1.0.0.202111181127/tools/bin/../lib/gcc/arm-none-eabi/10.3.1/thumb/v7-m/nofp/crtbegin.o
LOAD c:/st/stm32cubeide_1.10.1/stm32cubeide/plugins/com.st.stm32cube.ide.mcu.externaltools.gnu-tools-for-stm32.10.3-2021.10.win32_1.0.0.202111181127/tools/bin/../lib/gcc/arm-none-eabi/10.3.1/../../../../arm-none-eabi/lib/thumb/v7-m/nofp/crt0.o
LOAD ./LibraryConfigure/EXTIConfigure/EXTI.o
LOAD ./LibraryConfigure/GPIOConfigure/GPIOConfigure.o
LOAD ./LibraryConfigure/SystemConfigure/SYS.o
LOAD ./Src/main.o
LOAD ./Src/system_stm32f1xx.o
LOAD ./Startup/startup_stm32f103c8tx.o
START GROUP
LOAD c:/st/stm32cubeide_1.10.1/stm32cubeide/plugins/com.st.stm32cube.ide.mcu.externaltools.gnu-tools-for-stm32.10.3-2021.10.win32_1.0.0.202111181127/tools/bin/../lib/gcc/arm-none-eabi/10.3.1/../../../../arm-none-eabi/lib/thumb/v7-m/nofp\libc_nano.a
LOAD c:/st/stm32cubeide_1.10.1/stm32cubeide/plugins/com.st.stm32cube.ide.mcu.externaltools.gnu-tools-for-stm32.10.3-2021.10.win32_1.0.0.202111181127/tools/bin/../lib/gcc/arm-none-eabi/10.3.1/../../../../arm-none-eabi/lib/thumb/v7-m/nofp\libm.a
END GROUP
START GROUP
LOAD c:/st/stm32cubeide_1.10.1/stm32cubeide/plugins/com.st.stm32cube.ide.mcu.externaltools.gnu-tools-for-stm32.10.3-2021.10.win32_1.0.0.202111181127/tools/bin/../lib/gcc/arm-none-eabi/10.3.1/thumb/v7-m/nofp\libgcc.a
LOAD c:/st/stm32cubeide_1.10.1/stm32cubeide/plugins/com.st.stm32cube.ide.mcu.externaltools.gnu-tools-for-stm32.10.3-2021.10.win32_1.0.0.202111181127/tools/bin/../lib/gcc/arm-none-eabi/10.3.1/../../../../arm-none-eabi/lib/thumb/v7-m/nofp\libc_nano.a
END GROUP
START GROUP
LOAD c:/st/stm32cubeide_1.10.1/stm32cubeide/plugins/com.st.stm32cube.ide.mcu.externaltools.gnu-tools-for-stm32.10.3-2021.10.win32_1.0.0.202111181127/tools/bin/../lib/gcc/arm-none-eabi/10.3.1/thumb/v7-m/nofp\libgcc.a
LOAD c:/st/stm32cubeide_1.10.1/stm32cubeide/plugins/com.st.stm32cube.ide.mcu.externaltools.gnu-tools-for-stm32.10.3-2021.10.win32_1.0.0.202111181127/tools/bin/../lib/gcc/arm-none-eabi/10.3.1/../../../../arm-none-eabi/lib/thumb/v7-m/nofp\libc_nano.a
LOAD c:/st/stm32cubeide_1.10.1/stm32cubeide/plugins/com.st.stm32cube.ide.mcu.externaltools.gnu-tools-for-stm32.10.3-2021.10.win32_1.0.0.202111181127/tools/bin/../lib/gcc/arm-none-eabi/10.3.1/../../../../arm-none-eabi/lib/thumb/v7-m/nofp\libnosys.a
END GROUP
START GROUP
LOAD c:/st/stm32cubeide_1.10.1/stm32cubeide/plugins/com.st.stm32cube.ide.mcu.externaltools.gnu-tools-for-stm32.10.3-2021.10.win32_1.0.0.202111181127/tools/bin/../lib/gcc/arm-none-eabi/10.3.1/thumb/v7-m/nofp\libgcc.a
LOAD c:/st/stm32cubeide_1.10.1/stm32cubeide/plugins/com.st.stm32cube.ide.mcu.externaltools.gnu-tools-for-stm32.10.3-2021.10.win32_1.0.0.202111181127/tools/bin/../lib/gcc/arm-none-eabi/10.3.1/../../../../arm-none-eabi/lib/thumb/v7-m/nofp\libc_nano.a
LOAD c:/st/stm32cubeide_1.10.1/stm32cubeide/plugins/com.st.stm32cube.ide.mcu.externaltools.gnu-tools-for-stm32.10.3-2021.10.win32_1.0.0.202111181127/tools/bin/../lib/gcc/arm-none-eabi/10.3.1/../../../../arm-none-eabi/lib/thumb/v7-m/nofp\libnosys.a
END GROUP
LOAD c:/st/stm32cubeide_1.10.1/stm32cubeide/plugins/com.st.stm32cube.ide.mcu.externaltools.gnu-tools-for-stm32.10.3-2021.10.win32_1.0.0.202111181127/tools/bin/../lib/gcc/arm-none-eabi/10.3.1/thumb/v7-m/nofp/crtend.o
LOAD c:/st/stm32cubeide_1.10.1/stm32cubeide/plugins/com.st.stm32cube.ide.mcu.externaltools.gnu-tools-for-stm32.10.3-2021.10.win32_1.0.0.202111181127/tools/bin/../lib/gcc/arm-none-eabi/10.3.1/thumb/v7-m/nofp/crtn.o
                0x0000000020005000                _estack = (ORIGIN (RAM) + LENGTH (RAM))
                0x0000000000000200                _Min_Heap_Size = 0x200
                0x0000000000000400                _Min_Stack_Size = 0x400

.isr_vector     0x0000000008000000      0x130
                0x0000000008000000                . = ALIGN (0x4)
 *(.isr_vector)
 .isr_vector    0x0000000008000000      0x130 ./Startup/startup_stm32f103c8tx.o
                0x0000000008000000                g_pfnVectors
                0x0000000008000130                . = ALIGN (0x4)

.text           0x0000000008000130      0x564
                0x0000000008000130                . = ALIGN (0x4)
 *(.text)
 .text          0x0000000008000130       0x40 c:/st/stm32cubeide_1.10.1/stm32cubeide/plugins/com.st.stm32cube.ide.mcu.externaltools.gnu-tools-for-stm32.10.3-2021.10.win32_1.0.0.202111181127/tools/bin/../lib/gcc/arm-none-eabi/10.3.1/thumb/v7-m/nofp/crtbegin.o
 *(.text*)
 .text.__NVIC_EnableIRQ
                0x0000000008000170       0x38 ./LibraryConfigure/EXTIConfigure/EXTI.o
 .text.__NVIC_SetPriority
                0x00000000080001a8       0x54 ./LibraryConfigure/EXTIConfigure/EXTI.o
 .text.EXTIConfigure
                0x00000000080001fc       0xa0 ./LibraryConfigure/EXTIConfigure/EXTI.o
                0x00000000080001fc                EXTIConfigure
 .text.GPIOConfig
                0x000000000800029c       0x5c ./LibraryConfigure/GPIOConfigure/GPIOConfigure.o
                0x000000000800029c                GPIOConfig
 .text.__NVIC_SetPriority
                0x00000000080002f8       0x54 ./LibraryConfigure/SystemConfigure/SYS.o
 .text.SysTick_Config
                0x000000000800034c       0x44 ./LibraryConfigure/SystemConfigure/SYS.o
 .text.systemClockConfig
                0x0000000008000390       0xe8 ./LibraryConfigure/SystemConfigure/SYS.o
                0x0000000008000390                systemClockConfig
 .text.SysTick_Handler
                0x0000000008000478       0x1c ./LibraryConfigure/SystemConfigure/SYS.o
                0x0000000008000478                SysTick_Handler
 .text.main     0x0000000008000494       0x24 ./Src/main.o
                0x0000000008000494                main
 .text.EXTI0_IRQHandler
                0x00000000080004b8       0x38 ./Src/main.o
                0x00000000080004b8                EXTI0_IRQHandler
 .text.SystemInit
                0x00000000080004f0        0xc ./Src/system_stm32f1xx.o
                0x00000000080004f0                SystemInit
 .text.SystemCoreClockUpdate
                0x00000000080004fc       0xe4 ./Src/system_stm32f1xx.o
                0x00000000080004fc                SystemCoreClockUpdate
 .text.Reset_Handler
                0x00000000080005e0       0x50 ./Startup/startup_stm32f103c8tx.o
                0x00000000080005e0                Reset_Handler
 .text.Default_Handler
                0x0000000008000630        0x2 ./Startup/startup_stm32f103c8tx.o
                0x0000000008000630                EXTI2_IRQHandler
                0x0000000008000630                TIM8_TRG_COM_IRQHandler
                0x0000000008000630                TIM8_CC_IRQHandler
                0x0000000008000630                DebugMon_Handler
                0x0000000008000630                TIM1_CC_IRQHandler
                0x0000000008000630                HardFault_Handler
                0x0000000008000630                TIM6_IRQHandler
                0x0000000008000630                PVD_IRQHandler
                0x0000000008000630                SDIO_IRQHandler
                0x0000000008000630                PendSV_Handler
                0x0000000008000630                NMI_Handler
                0x0000000008000630                EXTI3_IRQHandler
                0x0000000008000630                USB_HP_CAN_TX_IRQHandler
                0x0000000008000630                I2C2_EV_IRQHandler
                0x0000000008000630                UsageFault_Handler
                0x0000000008000630                ADC1_2_IRQHandler
                0x0000000008000630                SPI1_IRQHandler
                0x0000000008000630                CAN_SCE_IRQHandler
                0x0000000008000630                TAMPER_IRQHandler
                0x0000000008000630                TIM8_UP_IRQHandler
                0x0000000008000630                DMA2_Channel2_IRQHandler
                0x0000000008000630                DMA1_Channel4_IRQHandler
                0x0000000008000630                USART3_IRQHandler
                0x0000000008000630                RTC_IRQHandler
                0x0000000008000630                DMA1_Channel7_IRQHandler
                0x0000000008000630                UART5_IRQHandler
                0x0000000008000630                ADC3_IRQHandler
                0x0000000008000630                TIM4_IRQHandler
                0x0000000008000630                CAN_RX1_IRQHandler
                0x0000000008000630                DMA2_Channel1_IRQHandler
                0x0000000008000630                I2C1_EV_IRQHandler
                0x0000000008000630                DMA1_Channel6_IRQHandler
                0x0000000008000630                UART4_IRQHandler
                0x0000000008000630                TIM3_IRQHandler
                0x0000000008000630                RCC_IRQHandler
                0x0000000008000630                TIM1_TRG_COM_IRQHandler
                0x0000000008000630                DMA1_Channel1_IRQHandler
                0x0000000008000630                Default_Handler
                0x0000000008000630                EXTI15_10_IRQHandler
                0x0000000008000630                TIM7_IRQHandler
                0x0000000008000630                TIM5_IRQHandler
                0x0000000008000630                EXTI9_5_IRQHandler
                0x0000000008000630                SPI2_IRQHandler
                0x0000000008000630                USB_LP_CAN_RX0_IRQHandler
                0x0000000008000630                MemManage_Handler
                0x0000000008000630                SVC_Handler
                0x0000000008000630                DMA1_Channel5_IRQHandler
                0x0000000008000630                EXTI4_IRQHandler
                0x0000000008000630                DMA1_Channel3_IRQHandler
                0x0000000008000630                FSMC_IRQHandler
                0x0000000008000630                TIM1_UP_IRQHandler
                0x0000000008000630                WWDG_IRQHandler
                0x0000000008000630                TIM2_IRQHandler
                0x0000000008000630                TIM1_BRK_IRQHandler
                0x0000000008000630                EXTI1_IRQHandler
                0x0000000008000630                RTCAlarm_IRQHandler
                0x0000000008000630                DMA2_Channel4_5_IRQHandler
                0x0000000008000630                USART2_IRQHandler
                0x0000000008000630                I2C2_ER_IRQHandler
                0x0000000008000630                DMA1_Channel2_IRQHandler
                0x0000000008000630                TIM8_BRK_IRQHandler
                0x0000000008000630                FLASH_IRQHandler
                0x0000000008000630                BusFault_Handler
                0x0000000008000630                USART1_IRQHandler
                0x0000000008000630                SPI3_IRQHandler
                0x0000000008000630                I2C1_ER_IRQHandler
                0x0000000008000630                DMA2_Channel3_IRQHandler
 *fill*         0x0000000008000632        0x2 
 .text.__libc_init_array
                0x0000000008000634       0x48 c:/st/stm32cubeide_1.10.1/stm32cubeide/plugins/com.st.stm32cube.ide.mcu.externaltools.gnu-tools-for-stm32.10.3-2021.10.win32_1.0.0.202111181127/tools/bin/../lib/gcc/arm-none-eabi/10.3.1/../../../../arm-none-eabi/lib/thumb/v7-m/nofp\libc_nano.a(lib_a-init.o)
                0x0000000008000634                __libc_init_array
 *(.glue_7)
 .glue_7        0x000000000800067c        0x0 linker stubs
 *(.glue_7t)
 .glue_7t       0x000000000800067c        0x0 linker stubs
 *(.eh_frame)
 .eh_frame      0x000000000800067c        0x0 c:/st/stm32cubeide_1.10.1/stm32cubeide/plugins/com.st.stm32cube.ide.mcu.externaltools.gnu-tools-for-stm32.10.3-2021.10.win32_1.0.0.202111181127/tools/bin/../lib/gcc/arm-none-eabi/10.3.1/thumb/v7-m/nofp/crtbegin.o
 *(.init)
 .init          0x000000000800067c        0x4 c:/st/stm32cubeide_1.10.1/stm32cubeide/plugins/com.st.stm32cube.ide.mcu.externaltools.gnu-tools-for-stm32.10.3-2021.10.win32_1.0.0.202111181127/tools/bin/../lib/gcc/arm-none-eabi/10.3.1/thumb/v7-m/nofp/crti.o
                0x000000000800067c                _init
 .init          0x0000000008000680        0x8 c:/st/stm32cubeide_1.10.1/stm32cubeide/plugins/com.st.stm32cube.ide.mcu.externaltools.gnu-tools-for-stm32.10.3-2021.10.win32_1.0.0.202111181127/tools/bin/../lib/gcc/arm-none-eabi/10.3.1/thumb/v7-m/nofp/crtn.o
 *(.fini)
 .fini          0x0000000008000688        0x4 c:/st/stm32cubeide_1.10.1/stm32cubeide/plugins/com.st.stm32cube.ide.mcu.externaltools.gnu-tools-for-stm32.10.3-2021.10.win32_1.0.0.202111181127/tools/bin/../lib/gcc/arm-none-eabi/10.3.1/thumb/v7-m/nofp/crti.o
                0x0000000008000688                _fini
 .fini          0x000000000800068c        0x8 c:/st/stm32cubeide_1.10.1/stm32cubeide/plugins/com.st.stm32cube.ide.mcu.externaltools.gnu-tools-for-stm32.10.3-2021.10.win32_1.0.0.202111181127/tools/bin/../lib/gcc/arm-none-eabi/10.3.1/thumb/v7-m/nofp/crtn.o
                0x0000000008000694                . = ALIGN (0x4)
                0x0000000008000694                _etext = .

.vfp11_veneer   0x0000000008000694        0x0
 .vfp11_veneer  0x0000000008000694        0x0 linker stubs

.v4_bx          0x0000000008000694        0x0
 .v4_bx         0x0000000008000694        0x0 linker stubs

.iplt           0x0000000008000694        0x0
 .iplt          0x0000000008000694        0x0 c:/st/stm32cubeide_1.10.1/stm32cubeide/plugins/com.st.stm32cube.ide.mcu.externaltools.gnu-tools-for-stm32.10.3-2021.10.win32_1.0.0.202111181127/tools/bin/../lib/gcc/arm-none-eabi/10.3.1/thumb/v7-m/nofp/crtbegin.o

.rodata         0x0000000008000694       0x10
                0x0000000008000694                . = ALIGN (0x4)
 *(.rodata)
 *(.rodata*)
 .rodata.AHBPrescTable
                0x0000000008000694       0x10 ./Src/system_stm32f1xx.o
                0x0000000008000694                AHBPrescTable
                0x00000000080006a4                . = ALIGN (0x4)

.rel.dyn        0x00000000080006a4        0x0
 .rel.iplt      0x00000000080006a4        0x0 c:/st/stm32cubeide_1.10.1/stm32cubeide/plugins/com.st.stm32cube.ide.mcu.externaltools.gnu-tools-for-stm32.10.3-2021.10.win32_1.0.0.202111181127/tools/bin/../lib/gcc/arm-none-eabi/10.3.1/thumb/v7-m/nofp/crtbegin.o

.ARM.extab      0x00000000080006a4        0x0
                0x00000000080006a4                . = ALIGN (0x4)
 *(.ARM.extab* .gnu.linkonce.armextab.*)
                0x00000000080006a4                . = ALIGN (0x4)

.ARM            0x00000000080006a4        0x0
                0x00000000080006a4                . = ALIGN (0x4)
                0x00000000080006a4                __exidx_start = .
 *(.ARM.exidx*)
                0x00000000080006a4                __exidx_end = .
                0x00000000080006a4                . = ALIGN (0x4)

.preinit_array  0x00000000080006a4        0x0
                0x00000000080006a4                . = ALIGN (0x4)
                0x00000000080006a4                PROVIDE (__preinit_array_start = .)
 *(.preinit_array*)
                0x00000000080006a4                PROVIDE (__preinit_array_end = .)
                0x00000000080006a4                . = ALIGN (0x4)

.init_array     0x00000000080006a4        0x4
                0x00000000080006a4                . = ALIGN (0x4)
                0x00000000080006a4                PROVIDE (__init_array_start = .)
 *(SORT_BY_NAME(.init_array.*))
 *(.init_array*)
 .init_array    0x00000000080006a4        0x4 c:/st/stm32cubeide_1.10.1/stm32cubeide/plugins/com.st.stm32cube.ide.mcu.externaltools.gnu-tools-for-stm32.10.3-2021.10.win32_1.0.0.202111181127/tools/bin/../lib/gcc/arm-none-eabi/10.3.1/thumb/v7-m/nofp/crtbegin.o
                0x00000000080006a8                PROVIDE (__init_array_end = .)
                0x00000000080006a8                . = ALIGN (0x4)

.fini_array     0x00000000080006a8        0x4
                0x00000000080006a8                . = ALIGN (0x4)
                [!provide]                        PROVIDE (__fini_array_start = .)
 *(SORT_BY_NAME(.fini_array.*))
 *(.fini_array*)
 .fini_array    0x00000000080006a8        0x4 c:/st/stm32cubeide_1.10.1/stm32cubeide/plugins/com.st.stm32cube.ide.mcu.externaltools.gnu-tools-for-stm32.10.3-2021.10.win32_1.0.0.202111181127/tools/bin/../lib/gcc/arm-none-eabi/10.3.1/thumb/v7-m/nofp/crtbegin.o
                [!provide]                        PROVIDE (__fini_array_end = .)
                0x00000000080006ac                . = ALIGN (0x4)
                0x00000000080006ac                _sidata = LOADADDR (.data)

.data           0x0000000020000000        0x4 load address 0x00000000080006ac
                0x0000000020000000                . = ALIGN (0x4)
                0x0000000020000000                _sdata = .
 *(.data)
 *(.data*)
 .data.SystemCoreClock
                0x0000000020000000        0x4 ./Src/system_stm32f1xx.o
                0x0000000020000000                SystemCoreClock
 *(.RamFunc)
 *(.RamFunc*)
                0x0000000020000004                . = ALIGN (0x4)
                0x0000000020000004                _edata = .

.igot.plt       0x0000000020000004        0x0 load address 0x00000000080006b0
 .igot.plt      0x0000000020000004        0x0 c:/st/stm32cubeide_1.10.1/stm32cubeide/plugins/com.st.stm32cube.ide.mcu.externaltools.gnu-tools-for-stm32.10.3-2021.10.win32_1.0.0.202111181127/tools/bin/../lib/gcc/arm-none-eabi/10.3.1/thumb/v7-m/nofp/crtbegin.o
                0x0000000020000004                . = ALIGN (0x4)

.bss            0x0000000020000004       0x20 load address 0x00000000080006b0
                0x0000000020000004                _sbss = .
                0x0000000020000004                __bss_start__ = _sbss
 *(.bss)
 .bss           0x0000000020000004       0x1c c:/st/stm32cubeide_1.10.1/stm32cubeide/plugins/com.st.stm32cube.ide.mcu.externaltools.gnu-tools-for-stm32.10.3-2021.10.win32_1.0.0.202111181127/tools/bin/../lib/gcc/arm-none-eabi/10.3.1/thumb/v7-m/nofp/crtbegin.o
 *(.bss*)
 .bss.Tick      0x0000000020000020        0x4 ./LibraryConfigure/SystemConfigure/SYS.o
                0x0000000020000020                Tick
 *(COMMON)
                0x0000000020000024                . = ALIGN (0x4)
                0x0000000020000024                _ebss = .
                0x0000000020000024                __bss_end__ = _ebss

._user_heap_stack
                0x0000000020000024      0x604 load address 0x00000000080006b0
                0x0000000020000028                . = ALIGN (0x8)
 *fill*         0x0000000020000024        0x4 
                [!provide]                        PROVIDE (end = .)
                [!provide]                        PROVIDE (_end = .)
                0x0000000020000228                . = (. + _Min_Heap_Size)
 *fill*         0x0000000020000028      0x200 
                0x0000000020000628                . = (. + _Min_Stack_Size)
 *fill*         0x0000000020000228      0x400 
                0x0000000020000628                . = ALIGN (0x8)

/DISCARD/
 libc.a(*)
 libm.a(*)
 libgcc.a(*)

.ARM.attributes
                0x0000000000000000       0x29
 *(.ARM.attributes)
 .ARM.attributes
                0x0000000000000000       0x1d c:/st/stm32cubeide_1.10.1/stm32cubeide/plugins/com.st.stm32cube.ide.mcu.externaltools.gnu-tools-for-stm32.10.3-2021.10.win32_1.0.0.202111181127/tools/bin/../lib/gcc/arm-none-eabi/10.3.1/thumb/v7-m/nofp/crti.o
 .ARM.attributes
                0x000000000000001d       0x2d c:/st/stm32cubeide_1.10.1/stm32cubeide/plugins/com.st.stm32cube.ide.mcu.externaltools.gnu-tools-for-stm32.10.3-2021.10.win32_1.0.0.202111181127/tools/bin/../lib/gcc/arm-none-eabi/10.3.1/thumb/v7-m/nofp/crtbegin.o
 .ARM.attributes
                0x000000000000004a       0x2d ./LibraryConfigure/EXTIConfigure/EXTI.o
 .ARM.attributes
                0x0000000000000077       0x2d ./LibraryConfigure/GPIOConfigure/GPIOConfigure.o
 .ARM.attributes
                0x00000000000000a4       0x2d ./LibraryConfigure/SystemConfigure/SYS.o
 .ARM.attributes
                0x00000000000000d1       0x2d ./Src/main.o
 .ARM.attributes
                0x00000000000000fe       0x2d ./Src/system_stm32f1xx.o
 .ARM.attributes
                0x000000000000012b       0x21 ./Startup/startup_stm32f103c8tx.o
 .ARM.attributes
                0x000000000000014c       0x2d c:/st/stm32cubeide_1.10.1/stm32cubeide/plugins/com.st.stm32cube.ide.mcu.externaltools.gnu-tools-for-stm32.10.3-2021.10.win32_1.0.0.202111181127/tools/bin/../lib/gcc/arm-none-eabi/10.3.1/../../../../arm-none-eabi/lib/thumb/v7-m/nofp\libc_nano.a(lib_a-init.o)
 .ARM.attributes
                0x0000000000000179       0x1d c:/st/stm32cubeide_1.10.1/stm32cubeide/plugins/com.st.stm32cube.ide.mcu.externaltools.gnu-tools-for-stm32.10.3-2021.10.win32_1.0.0.202111181127/tools/bin/../lib/gcc/arm-none-eabi/10.3.1/thumb/v7-m/nofp/crtn.o
OUTPUT(Configure.elf elf32-littlearm)
LOAD linker stubs
LOAD c:/st/stm32cubeide_1.10.1/stm32cubeide/plugins/com.st.stm32cube.ide.mcu.externaltools.gnu-tools-for-stm32.10.3-2021.10.win32_1.0.0.202111181127/tools/bin/../lib/gcc/arm-none-eabi/10.3.1/../../../../arm-none-eabi/lib/thumb/v7-m/nofp\libc.a
LOAD c:/st/stm32cubeide_1.10.1/stm32cubeide/plugins/com.st.stm32cube.ide.mcu.externaltools.gnu-tools-for-stm32.10.3-2021.10.win32_1.0.0.202111181127/tools/bin/../lib/gcc/arm-none-eabi/10.3.1/../../../../arm-none-eabi/lib/thumb/v7-m/nofp\libm.a
LOAD c:/st/stm32cubeide_1.10.1/stm32cubeide/plugins/com.st.stm32cube.ide.mcu.externaltools.gnu-tools-for-stm32.10.3-2021.10.win32_1.0.0.202111181127/tools/bin/../lib/gcc/arm-none-eabi/10.3.1/thumb/v7-m/nofp\libgcc.a

.debug_info     0x0000000000000000     0x14d5
 .debug_info    0x0000000000000000      0x774 ./LibraryConfigure/EXTIConfigure/EXTI.o
 .debug_info    0x0000000000000774      0x1bc ./LibraryConfigure/GPIOConfigure/GPIOConfigure.o
 .debug_info    0x0000000000000930      0x78d ./LibraryConfigure/SystemConfigure/SYS.o
 .debug_info    0x00000000000010bd      0x1c0 ./Src/main.o
 .debug_info    0x000000000000127d      0x236 ./Src/system_stm32f1xx.o
 .debug_info    0x00000000000014b3       0x22 ./Startup/startup_stm32f103c8tx.o

.debug_abbrev   0x0000000000000000      0x615
 .debug_abbrev  0x0000000000000000      0x158 ./LibraryConfigure/EXTIConfigure/EXTI.o
 .debug_abbrev  0x0000000000000158       0x9d ./LibraryConfigure/GPIOConfigure/GPIOConfigure.o
 .debug_abbrev  0x00000000000001f5      0x207 ./LibraryConfigure/SystemConfigure/SYS.o
 .debug_abbrev  0x00000000000003fc       0xcc ./Src/main.o
 .debug_abbrev  0x00000000000004c8      0x13b ./Src/system_stm32f1xx.o
 .debug_abbrev  0x0000000000000603       0x12 ./Startup/startup_stm32f103c8tx.o

.debug_aranges  0x0000000000000000      0x110
 .debug_aranges
                0x0000000000000000       0x30 ./LibraryConfigure/EXTIConfigure/EXTI.o
 .debug_aranges
                0x0000000000000030       0x20 ./LibraryConfigure/GPIOConfigure/GPIOConfigure.o
 .debug_aranges
                0x0000000000000050       0x48 ./LibraryConfigure/SystemConfigure/SYS.o
 .debug_aranges
                0x0000000000000098       0x28 ./Src/main.o
 .debug_aranges
                0x00000000000000c0       0x28 ./Src/system_stm32f1xx.o
 .debug_aranges
                0x00000000000000e8       0x28 ./Startup/startup_stm32f103c8tx.o

.debug_ranges   0x0000000000000000       0xb8
 .debug_ranges  0x0000000000000000       0x20 ./LibraryConfigure/EXTIConfigure/EXTI.o
 .debug_ranges  0x0000000000000020       0x10 ./LibraryConfigure/GPIOConfigure/GPIOConfigure.o
 .debug_ranges  0x0000000000000030       0x38 ./LibraryConfigure/SystemConfigure/SYS.o
 .debug_ranges  0x0000000000000068       0x18 ./Src/main.o
 .debug_ranges  0x0000000000000080       0x18 ./Src/system_stm32f1xx.o
 .debug_ranges  0x0000000000000098       0x20 ./Startup/startup_stm32f103c8tx.o

.debug_macro    0x0000000000000000    0x1138f
 .debug_macro   0x0000000000000000      0x224 ./LibraryConfigure/EXTIConfigure/EXTI.o
 .debug_macro   0x0000000000000224      0xa78 ./LibraryConfigure/EXTIConfigure/EXTI.o
 .debug_macro   0x0000000000000c9c       0x22 ./LibraryConfigure/EXTIConfigure/EXTI.o
 .debug_macro   0x0000000000000cbe       0x4c ./LibraryConfigure/EXTIConfigure/EXTI.o
 .debug_macro   0x0000000000000d0a       0x18 ./LibraryConfigure/EXTIConfigure/EXTI.o
 .debug_macro   0x0000000000000d22       0x94 ./LibraryConfigure/EXTIConfigure/EXTI.o
 .debug_macro   0x0000000000000db6       0x3c ./LibraryConfigure/EXTIConfigure/EXTI.o
 .debug_macro   0x0000000000000df2       0x34 ./LibraryConfigure/EXTIConfigure/EXTI.o
 .debug_macro   0x0000000000000e26       0x16 ./LibraryConfigure/EXTIConfigure/EXTI.o
 .debug_macro   0x0000000000000e3c       0x57 ./LibraryConfigure/EXTIConfigure/EXTI.o
 .debug_macro   0x0000000000000e93       0x97 ./LibraryConfigure/EXTIConfigure/EXTI.o
 .debug_macro   0x0000000000000f2a      0x341 ./LibraryConfigure/EXTIConfigure/EXTI.o
 .debug_macro   0x000000000000126b       0xfd ./LibraryConfigure/EXTIConfigure/EXTI.o
 .debug_macro   0x0000000000001368       0x10 ./LibraryConfigure/EXTIConfigure/EXTI.o
 .debug_macro   0x0000000000001378       0x16 ./LibraryConfigure/EXTIConfigure/EXTI.o
 .debug_macro   0x000000000000138e       0x43 ./LibraryConfigure/EXTIConfigure/EXTI.o
 .debug_macro   0x00000000000013d1       0x34 ./LibraryConfigure/EXTIConfigure/EXTI.o
 .debug_macro   0x0000000000001405       0x10 ./LibraryConfigure/EXTIConfigure/EXTI.o
 .debug_macro   0x0000000000001415       0x58 ./LibraryConfigure/EXTIConfigure/EXTI.o
 .debug_macro   0x000000000000146d       0x71 ./LibraryConfigure/EXTIConfigure/EXTI.o
 .debug_macro   0x00000000000014de       0x1c ./LibraryConfigure/EXTIConfigure/EXTI.o
 .debug_macro   0x00000000000014fa      0x12a ./LibraryConfigure/EXTIConfigure/EXTI.o
 .debug_macro   0x0000000000001624       0x10 ./LibraryConfigure/EXTIConfigure/EXTI.o
 .debug_macro   0x0000000000001634       0x6a ./LibraryConfigure/EXTIConfigure/EXTI.o
 .debug_macro   0x000000000000169e       0x1c ./LibraryConfigure/EXTIConfigure/EXTI.o
 .debug_macro   0x00000000000016ba       0x52 ./LibraryConfigure/EXTIConfigure/EXTI.o
 .debug_macro   0x000000000000170c       0x22 ./LibraryConfigure/EXTIConfigure/EXTI.o
 .debug_macro   0x000000000000172e       0x10 ./LibraryConfigure/EXTIConfigure/EXTI.o
 .debug_macro   0x000000000000173e       0x52 ./LibraryConfigure/EXTIConfigure/EXTI.o
 .debug_macro   0x0000000000001790       0xd5 ./LibraryConfigure/EXTIConfigure/EXTI.o
 .debug_macro   0x0000000000001865       0x1c ./LibraryConfigure/EXTIConfigure/EXTI.o
 .debug_macro   0x0000000000001881       0x3d ./LibraryConfigure/EXTIConfigure/EXTI.o
 .debug_macro   0x00000000000018be       0x16 ./LibraryConfigure/EXTIConfigure/EXTI.o
 .debug_macro   0x00000000000018d4      0x145 ./LibraryConfigure/EXTIConfigure/EXTI.o
 .debug_macro   0x0000000000001a19       0x28 ./LibraryConfigure/EXTIConfigure/EXTI.o
 .debug_macro   0x0000000000001a41       0x22 ./LibraryConfigure/EXTIConfigure/EXTI.o
 .debug_macro   0x0000000000001a63      0x103 ./LibraryConfigure/EXTIConfigure/EXTI.o
 .debug_macro   0x0000000000001b66      0x1df ./LibraryConfigure/EXTIConfigure/EXTI.o
 .debug_macro   0x0000000000001d45       0x1c ./LibraryConfigure/EXTIConfigure/EXTI.o
 .debug_macro   0x0000000000001d61       0x22 ./LibraryConfigure/EXTIConfigure/EXTI.o
 .debug_macro   0x0000000000001d83       0xbd ./LibraryConfigure/EXTIConfigure/EXTI.o
 .debug_macro   0x0000000000001e40      0xd23 ./LibraryConfigure/EXTIConfigure/EXTI.o
 .debug_macro   0x0000000000002b63     0xe09e ./LibraryConfigure/EXTIConfigure/EXTI.o
 .debug_macro   0x0000000000010c01       0x6d ./LibraryConfigure/EXTIConfigure/EXTI.o
 .debug_macro   0x0000000000010c6e       0xc6 ./LibraryConfigure/GPIOConfigure/GPIOConfigure.o
 .debug_macro   0x0000000000010d34       0x8e ./LibraryConfigure/GPIOConfigure/GPIOConfigure.o
 .debug_macro   0x0000000000010dc2       0x51 ./LibraryConfigure/GPIOConfigure/GPIOConfigure.o
 .debug_macro   0x0000000000010e13      0x224 ./LibraryConfigure/SystemConfigure/SYS.o
 .debug_macro   0x0000000000011037      0x23e ./Src/main.o
 .debug_macro   0x0000000000011275       0x52 ./Src/main.o
 .debug_macro   0x00000000000112c7       0xc8 ./Src/system_stm32f1xx.o

.debug_line     0x0000000000000000     0x1e58
 .debug_line    0x0000000000000000      0x6a3 ./LibraryConfigure/EXTIConfigure/EXTI.o
 .debug_line    0x00000000000006a3      0x453 ./LibraryConfigure/GPIOConfigure/GPIOConfigure.o
 .debug_line    0x0000000000000af6      0x777 ./LibraryConfigure/SystemConfigure/SYS.o
 .debug_line    0x000000000000126d      0x6b9 ./Src/main.o
 .debug_line    0x0000000000001926      0x4ae ./Src/system_stm32f1xx.o
 .debug_line    0x0000000000001dd4       0x84 ./Startup/startup_stm32f103c8tx.o

.debug_str      0x0000000000000000    0x588d0
 .debug_str     0x0000000000000000    0x586bb ./LibraryConfigure/EXTIConfigure/EXTI.o
                                      0x58a0e (size before relaxing)
 .debug_str     0x00000000000586bb       0x4f ./LibraryConfigure/GPIOConfigure/GPIOConfigure.o
                                      0x54560 (size before relaxing)
 .debug_str     0x000000000005870a       0xfd ./LibraryConfigure/SystemConfigure/SYS.o
                                      0x58a5e (size before relaxing)
 .debug_str     0x0000000000058807       0x24 ./Src/main.o
                                      0x585fd (size before relaxing)
 .debug_str     0x000000000005882b       0x74 ./Src/system_stm32f1xx.o
                                      0x545b1 (size before relaxing)
 .debug_str     0x000000000005889f       0x31 ./Startup/startup_stm32f103c8tx.o
                                         0x53 (size before relaxing)

.comment        0x0000000000000000       0x50
 .comment       0x0000000000000000       0x50 ./LibraryConfigure/EXTIConfigure/EXTI.o
                                         0x51 (size before relaxing)
 .comment       0x0000000000000050       0x51 ./LibraryConfigure/GPIOConfigure/GPIOConfigure.o
 .comment       0x0000000000000050       0x51 ./LibraryConfigure/SystemConfigure/SYS.o
 .comment       0x0000000000000050       0x51 ./Src/main.o
 .comment       0x0000000000000050       0x51 ./Src/system_stm32f1xx.o

.debug_frame    0x0000000000000000      0x258
 .debug_frame   0x0000000000000000       0x7c ./LibraryConfigure/EXTIConfigure/EXTI.o
 .debug_frame   0x000000000000007c       0x30 ./LibraryConfigure/GPIOConfigure/GPIOConfigure.o
 .debug_frame   0x00000000000000ac       0xdc ./LibraryConfigure/SystemConfigure/SYS.o
 .debug_frame   0x0000000000000188       0x4c ./Src/main.o
 .debug_frame   0x00000000000001d4       0x58 ./Src/system_stm32f1xx.o
 .debug_frame   0x000000000000022c       0x2c c:/st/stm32cubeide_1.10.1/stm32cubeide/plugins/com.st.stm32cube.ide.mcu.externaltools.gnu-tools-for-stm32.10.3-2021.10.win32_1.0.0.202111181127/tools/bin/../lib/gcc/arm-none-eabi/10.3.1/../../../../arm-none-eabi/lib/thumb/v7-m/nofp\libc_nano.a(lib_a-init.o)
